// Jest Snapshot v1, https://goo.gl/fbAQLP

exports[`CreatePost tests should match the snapshot 1`] = `
<div
  className="monsterContainer"
>
  <h1 />
  <img
    alt="monster-pic"
  />
  <section>
    <p />
    <tr
      className="attributes"
    >
      <div>
        <tr>
          Combat expertise:
        </tr>
        <td />
      </div>
      <div>
        <tr>
          HP:
        </tr>
        <td />
      </div>
    </tr>
  </section>
</div>
`;
